Copyright 1986-2019 Xilinx, Inc. All Rights Reserved.
------------------------------------------------------------------------------------
| Tool Version : Vivado v.2019.2 (win64) Build 2708876 Wed Nov  6 21:40:23 MST 2019
| Date         : Wed Jul 24 16:48:03 2024
| Host         : LAPTOP-EQBIQTIM running 64-bit major release  (build 9200)
| Command      : report_control_sets -verbose -file SRAM_control_sets_placed.rpt
| Design       : SRAM
| Device       : xc7z020
------------------------------------------------------------------------------------

Control Set Information

Table of Contents
-----------------
1. Summary
2. Histogram
3. Flip-Flop Distribution
4. Detailed Control Set Information

1. Summary
----------

+----------------------------------------------------------+-------+
|                          Status                          | Count |
+----------------------------------------------------------+-------+
| Total control sets                                       |   257 |
|    Minimum number of control sets                        |   257 |
|    Addition due to synthesis replication                 |     0 |
|    Addition due to physical synthesis replication        |     0 |
| Unused register locations in slices containing registers |     0 |
+----------------------------------------------------------+-------+
* Control sets can be merged at opt_design using control_set_merge or merge_equivalent_drivers
** Run report_qor_suggestions for automated merging and remapping suggestions


2. Histogram
------------

+--------------------+-------+
|       Fanout       | Count |
+--------------------+-------+
| Total control sets |   257 |
| >= 0 to < 4        |     0 |
| >= 4 to < 6        |     0 |
| >= 6 to < 8        |     0 |
| >= 8 to < 10       |   257 |
| >= 10 to < 12      |     0 |
| >= 12 to < 14      |     0 |
| >= 14 to < 16      |     0 |
| >= 16              |     0 |
+--------------------+-------+
* Control sets can be remapped at either synth_design or opt_design


3. Flip-Flop Distribution
-------------------------

+--------------+-----------------------+------------------------+-----------------+--------------+
| Clock Enable | Synchronous Set/Reset | Asynchronous Set/Reset | Total Registers | Total Slices |
+--------------+-----------------------+------------------------+-----------------+--------------+
| No           | No                    | No                     |               0 |            0 |
| No           | No                    | Yes                    |               0 |            0 |
| No           | Yes                   | No                     |               0 |            0 |
| Yes          | No                    | No                     |            2048 |          772 |
| Yes          | No                    | Yes                    |               8 |            4 |
| Yes          | Yes                   | No                     |               0 |            0 |
+--------------+-----------------------+------------------------+-----------------+--------------+


4. Detailed Control Set Information
-----------------------------------

+----------------+----------------------+--------------------+------------------+----------------+
|  Clock Signal  |     Enable Signal    |  Set/Reset Signal  | Slice Load Count | Bel Load Count |
+----------------+----------------------+--------------------+------------------+----------------+
|  clk_IBUF_BUFG | rd_data[7]_i_1_n_0   | rd_data[7]_i_3_n_0 |                4 |              8 |
|  clk_IBUF_BUFG | SRAM[132][7]_i_1_n_0 |                    |                3 |              8 |
|  clk_IBUF_BUFG | SRAM[133][7]_i_1_n_0 |                    |                2 |              8 |
|  clk_IBUF_BUFG | SRAM[134][7]_i_1_n_0 |                    |                1 |              8 |
|  clk_IBUF_BUFG | SRAM[104][7]_i_1_n_0 |                    |                3 |              8 |
|  clk_IBUF_BUFG | SRAM[115][7]_i_1_n_0 |                    |                3 |              8 |
|  clk_IBUF_BUFG | SRAM[101][7]_i_1_n_0 |                    |                2 |              8 |
|  clk_IBUF_BUFG | SRAM[112][7]_i_1_n_0 |                    |                2 |              8 |
|  clk_IBUF_BUFG | SRAM[113][7]_i_1_n_0 |                    |                3 |              8 |
|  clk_IBUF_BUFG | SRAM[123][7]_i_1_n_0 |                    |                2 |              8 |
|  clk_IBUF_BUFG | SRAM[12][7]_i_1_n_0  |                    |                4 |              8 |
|  clk_IBUF_BUFG | SRAM[127][7]_i_1_n_0 |                    |                8 |              8 |
|  clk_IBUF_BUFG | SRAM[118][7]_i_1_n_0 |                    |                1 |              8 |
|  clk_IBUF_BUFG | SRAM[129][7]_i_1_n_0 |                    |                4 |              8 |
|  clk_IBUF_BUFG | SRAM[103][7]_i_1_n_0 |                    |                2 |              8 |
|  clk_IBUF_BUFG | SRAM[111][7]_i_1_n_0 |                    |                4 |              8 |
|  clk_IBUF_BUFG | SRAM[116][7]_i_1_n_0 |                    |                1 |              8 |
|  clk_IBUF_BUFG | SRAM[121][7]_i_1_n_0 |                    |                1 |              8 |
|  clk_IBUF_BUFG | SRAM[126][7]_i_1_n_0 |                    |                5 |              8 |
|  clk_IBUF_BUFG | SRAM[125][7]_i_1_n_0 |                    |                5 |              8 |
|  clk_IBUF_BUFG | SRAM[108][7]_i_1_n_0 |                    |                4 |              8 |
|  clk_IBUF_BUFG | SRAM[102][7]_i_1_n_0 |                    |                1 |              8 |
|  clk_IBUF_BUFG | SRAM[100][7]_i_1_n_0 |                    |                1 |              8 |
|  clk_IBUF_BUFG | SRAM[109][7]_i_1_n_0 |                    |                2 |              8 |
|  clk_IBUF_BUFG | SRAM[128][7]_i_1_n_0 |                    |                1 |              8 |
|  clk_IBUF_BUFG | SRAM[105][7]_i_1_n_0 |                    |                1 |              8 |
|  clk_IBUF_BUFG | SRAM[0][7]_i_1_n_0   |                    |                1 |              8 |
|  clk_IBUF_BUFG | SRAM[110][7]_i_1_n_0 |                    |                4 |              8 |
|  clk_IBUF_BUFG | SRAM[117][7]_i_1_n_0 |                    |                1 |              8 |
|  clk_IBUF_BUFG | SRAM[119][7]_i_1_n_0 |                    |                2 |              8 |
|  clk_IBUF_BUFG | SRAM[124][7]_i_1_n_0 |                    |                3 |              8 |
|  clk_IBUF_BUFG | SRAM[106][7]_i_1_n_0 |                    |                3 |              8 |
|  clk_IBUF_BUFG | SRAM[11][7]_i_1_n_0  |                    |                1 |              8 |
|  clk_IBUF_BUFG | SRAM[120][7]_i_1_n_0 |                    |                1 |              8 |
|  clk_IBUF_BUFG | SRAM[130][7]_i_1_n_0 |                    |                4 |              8 |
|  clk_IBUF_BUFG | SRAM[107][7]_i_1_n_0 |                    |                1 |              8 |
|  clk_IBUF_BUFG | SRAM[114][7]_i_1_n_0 |                    |                2 |              8 |
|  clk_IBUF_BUFG | SRAM[122][7]_i_1_n_0 |                    |                1 |              8 |
|  clk_IBUF_BUFG | SRAM[10][7]_i_1_n_0  |                    |                5 |              8 |
|  clk_IBUF_BUFG | SRAM[131][7]_i_1_n_0 |                    |                2 |              8 |
|  clk_IBUF_BUFG | SRAM[162][7]_i_1_n_0 |                    |                3 |              8 |
|  clk_IBUF_BUFG | SRAM[167][7]_i_1_n_0 |                    |                4 |              8 |
|  clk_IBUF_BUFG | SRAM[137][7]_i_1_n_0 |                    |                5 |              8 |
|  clk_IBUF_BUFG | SRAM[155][7]_i_1_n_0 |                    |                4 |              8 |
|  clk_IBUF_BUFG | SRAM[173][7]_i_1_n_0 |                    |                2 |              8 |
|  clk_IBUF_BUFG | SRAM[176][7]_i_1_n_0 |                    |                1 |              8 |
|  clk_IBUF_BUFG | SRAM[135][7]_i_1_n_0 |                    |                2 |              8 |
|  clk_IBUF_BUFG | SRAM[144][7]_i_1_n_0 |                    |                6 |              8 |
|  clk_IBUF_BUFG | SRAM[151][7]_i_1_n_0 |                    |                4 |              8 |
|  clk_IBUF_BUFG | SRAM[154][7]_i_1_n_0 |                    |                8 |              8 |
|  clk_IBUF_BUFG | SRAM[146][7]_i_1_n_0 |                    |                2 |              8 |
|  clk_IBUF_BUFG | SRAM[147][7]_i_1_n_0 |                    |                3 |              8 |
|  clk_IBUF_BUFG | SRAM[156][7]_i_1_n_0 |                    |                2 |              8 |
|  clk_IBUF_BUFG | SRAM[160][7]_i_1_n_0 |                    |                2 |              8 |
|  clk_IBUF_BUFG | SRAM[157][7]_i_1_n_0 |                    |                3 |              8 |
|  clk_IBUF_BUFG | SRAM[136][7]_i_1_n_0 |                    |                4 |              8 |
|  clk_IBUF_BUFG | SRAM[141][7]_i_1_n_0 |                    |                5 |              8 |
|  clk_IBUF_BUFG | SRAM[163][7]_i_1_n_0 |                    |                3 |              8 |
|  clk_IBUF_BUFG | SRAM[166][7]_i_1_n_0 |                    |                3 |              8 |
|  clk_IBUF_BUFG | SRAM[168][7]_i_1_n_0 |                    |                1 |              8 |
|  clk_IBUF_BUFG | SRAM[169][7]_i_1_n_0 |                    |                3 |              8 |
|  clk_IBUF_BUFG | SRAM[152][7]_i_1_n_0 |                    |                1 |              8 |
|  clk_IBUF_BUFG | SRAM[161][7]_i_1_n_0 |                    |                4 |              8 |
|  clk_IBUF_BUFG | SRAM[159][7]_i_1_n_0 |                    |                7 |              8 |
|  clk_IBUF_BUFG | SRAM[16][7]_i_1_n_0  |                    |                3 |              8 |
|  clk_IBUF_BUFG | SRAM[142][7]_i_1_n_0 |                    |                5 |              8 |
|  clk_IBUF_BUFG | SRAM[15][7]_i_1_n_0  |                    |                2 |              8 |
|  clk_IBUF_BUFG | SRAM[149][7]_i_1_n_0 |                    |                4 |              8 |
|  clk_IBUF_BUFG | SRAM[153][7]_i_1_n_0 |                    |                5 |              8 |
|  clk_IBUF_BUFG | SRAM[165][7]_i_1_n_0 |                    |                2 |              8 |
|  clk_IBUF_BUFG | SRAM[140][7]_i_1_n_0 |                    |                1 |              8 |
|  clk_IBUF_BUFG | SRAM[148][7]_i_1_n_0 |                    |                4 |              8 |
|  clk_IBUF_BUFG | SRAM[14][7]_i_1_n_0  |                    |                1 |              8 |
|  clk_IBUF_BUFG | SRAM[164][7]_i_1_n_0 |                    |                1 |              8 |
|  clk_IBUF_BUFG | SRAM[170][7]_i_1_n_0 |                    |                1 |              8 |
|  clk_IBUF_BUFG | SRAM[171][7]_i_1_n_0 |                    |                1 |              8 |
|  clk_IBUF_BUFG | SRAM[138][7]_i_1_n_0 |                    |                1 |              8 |
|  clk_IBUF_BUFG | SRAM[13][7]_i_1_n_0  |                    |                2 |              8 |
|  clk_IBUF_BUFG | SRAM[145][7]_i_1_n_0 |                    |                2 |              8 |
|  clk_IBUF_BUFG | SRAM[150][7]_i_1_n_0 |                    |                3 |              8 |
|  clk_IBUF_BUFG | SRAM[158][7]_i_1_n_0 |                    |                4 |              8 |
|  clk_IBUF_BUFG | SRAM[172][7]_i_1_n_0 |                    |                2 |              8 |
|  clk_IBUF_BUFG | SRAM[143][7]_i_1_n_0 |                    |                7 |              8 |
|  clk_IBUF_BUFG | SRAM[174][7]_i_1_n_0 |                    |                4 |              8 |
|  clk_IBUF_BUFG | SRAM[175][7]_i_1_n_0 |                    |                8 |              8 |
|  clk_IBUF_BUFG | SRAM[139][7]_i_1_n_0 |                    |                3 |              8 |
|  clk_IBUF_BUFG | SRAM[202][7]_i_1_n_0 |                    |                3 |              8 |
|  clk_IBUF_BUFG | SRAM[184][7]_i_1_n_0 |                    |                1 |              8 |
|  clk_IBUF_BUFG | SRAM[207][7]_i_1_n_0 |                    |                7 |              8 |
|  clk_IBUF_BUFG | SRAM[208][7]_i_1_n_0 |                    |                3 |              8 |
|  clk_IBUF_BUFG | SRAM[200][7]_i_1_n_0 |                    |                1 |              8 |
|  clk_IBUF_BUFG | SRAM[218][7]_i_1_n_0 |                    |                4 |              8 |
|  clk_IBUF_BUFG | SRAM[189][7]_i_1_n_0 |                    |                6 |              8 |
|  clk_IBUF_BUFG | SRAM[211][7]_i_1_n_0 |                    |                2 |              8 |
|  clk_IBUF_BUFG | SRAM[20][7]_i_1_n_0  |                    |                3 |              8 |
|  clk_IBUF_BUFG | SRAM[204][7]_i_1_n_0 |                    |                5 |              8 |
|  clk_IBUF_BUFG | SRAM[215][7]_i_1_n_0 |                    |                1 |              8 |
|  clk_IBUF_BUFG | SRAM[201][7]_i_1_n_0 |                    |                4 |              8 |
|  clk_IBUF_BUFG | SRAM[219][7]_i_1_n_0 |                    |                2 |              8 |
|  clk_IBUF_BUFG | SRAM[21][7]_i_1_n_0  |                    |                1 |              8 |
|  clk_IBUF_BUFG | SRAM[220][7]_i_1_n_0 |                    |                3 |              8 |
|  clk_IBUF_BUFG | SRAM[183][7]_i_1_n_0 |                    |                1 |              8 |
|  clk_IBUF_BUFG | SRAM[186][7]_i_1_n_0 |                    |                5 |              8 |
|  clk_IBUF_BUFG | SRAM[187][7]_i_1_n_0 |                    |                3 |              8 |
|  clk_IBUF_BUFG | SRAM[177][7]_i_1_n_0 |                    |                2 |              8 |
|  clk_IBUF_BUFG | SRAM[179][7]_i_1_n_0 |                    |                2 |              8 |
|  clk_IBUF_BUFG | SRAM[178][7]_i_1_n_0 |                    |                3 |              8 |
|  clk_IBUF_BUFG | SRAM[191][7]_i_1_n_0 |                    |                7 |              8 |
|  clk_IBUF_BUFG | SRAM[182][7]_i_1_n_0 |                    |                4 |              8 |
|  clk_IBUF_BUFG | SRAM[196][7]_i_1_n_0 |                    |                2 |              8 |
|  clk_IBUF_BUFG | SRAM[197][7]_i_1_n_0 |                    |                3 |              8 |
|  clk_IBUF_BUFG | SRAM[193][7]_i_1_n_0 |                    |                3 |              8 |
|  clk_IBUF_BUFG | SRAM[203][7]_i_1_n_0 |                    |                5 |              8 |
|  clk_IBUF_BUFG | SRAM[205][7]_i_1_n_0 |                    |                2 |              8 |
|  clk_IBUF_BUFG | SRAM[206][7]_i_1_n_0 |                    |                2 |              8 |
|  clk_IBUF_BUFG | SRAM[209][7]_i_1_n_0 |                    |                1 |              8 |
|  clk_IBUF_BUFG | SRAM[18][7]_i_1_n_0  |                    |                2 |              8 |
|  clk_IBUF_BUFG | SRAM[213][7]_i_1_n_0 |                    |                1 |              8 |
|  clk_IBUF_BUFG | SRAM[180][7]_i_1_n_0 |                    |                6 |              8 |
|  clk_IBUF_BUFG | SRAM[217][7]_i_1_n_0 |                    |                4 |              8 |
|  clk_IBUF_BUFG | SRAM[17][7]_i_1_n_0  |                    |                2 |              8 |
|  clk_IBUF_BUFG | SRAM[198][7]_i_1_n_0 |                    |                2 |              8 |
|  clk_IBUF_BUFG | SRAM[212][7]_i_1_n_0 |                    |                2 |              8 |
|  clk_IBUF_BUFG | SRAM[216][7]_i_1_n_0 |                    |                4 |              8 |
|  clk_IBUF_BUFG | SRAM[221][7]_i_1_n_0 |                    |                3 |              8 |
|  clk_IBUF_BUFG | SRAM[188][7]_i_1_n_0 |                    |                3 |              8 |
|  clk_IBUF_BUFG | SRAM[185][7]_i_1_n_0 |                    |                2 |              8 |
|  clk_IBUF_BUFG | SRAM[222][7]_i_1_n_0 |                    |                2 |              8 |
|  clk_IBUF_BUFG | SRAM[223][7]_i_1_n_0 |                    |                8 |              8 |
|  clk_IBUF_BUFG | SRAM[192][7]_i_1_n_0 |                    |                5 |              8 |
|  clk_IBUF_BUFG | SRAM[1][7]_i_1_n_0   |                    |                1 |              8 |
|  clk_IBUF_BUFG | SRAM[181][7]_i_1_n_0 |                    |                1 |              8 |
|  clk_IBUF_BUFG | SRAM[190][7]_i_1_n_0 |                    |                4 |              8 |
|  clk_IBUF_BUFG | SRAM[195][7]_i_1_n_0 |                    |                4 |              8 |
|  clk_IBUF_BUFG | SRAM[199][7]_i_1_n_0 |                    |                4 |              8 |
|  clk_IBUF_BUFG | SRAM[210][7]_i_1_n_0 |                    |                2 |              8 |
|  clk_IBUF_BUFG | SRAM[194][7]_i_1_n_0 |                    |                2 |              8 |
|  clk_IBUF_BUFG | SRAM[214][7]_i_1_n_0 |                    |                1 |              8 |
|  clk_IBUF_BUFG | SRAM[19][7]_i_1_n_0  |                    |                4 |              8 |
|  clk_IBUF_BUFG | SRAM[249][7]_i_1_n_0 |                    |                2 |              8 |
|  clk_IBUF_BUFG | SRAM[225][7]_i_1_n_0 |                    |                4 |              8 |
|  clk_IBUF_BUFG | SRAM[254][7]_i_1_n_0 |                    |                6 |              8 |
|  clk_IBUF_BUFG | SRAM[29][7]_i_1_n_0  |                    |                5 |              8 |
|  clk_IBUF_BUFG | SRAM[35][7]_i_1_n_0  |                    |                4 |              8 |
|  clk_IBUF_BUFG | SRAM[36][7]_i_1_n_0  |                    |                1 |              8 |
|  clk_IBUF_BUFG | SRAM[231][7]_i_1_n_0 |                    |                2 |              8 |
|  clk_IBUF_BUFG | SRAM[226][7]_i_1_n_0 |                    |                1 |              8 |
|  clk_IBUF_BUFG | SRAM[233][7]_i_1_n_0 |                    |                3 |              8 |
|  clk_IBUF_BUFG | SRAM[248][7]_i_1_n_0 |                    |                3 |              8 |
|  clk_IBUF_BUFG | SRAM[37][7]_i_1_n_0  |                    |                4 |              8 |
|  clk_IBUF_BUFG | SRAM[237][7]_i_1_n_0 |                    |                4 |              8 |
|  clk_IBUF_BUFG | SRAM[38][7]_i_1_n_0  |                    |                3 |              8 |
|  clk_IBUF_BUFG | SRAM[240][7]_i_1_n_0 |                    |                2 |              8 |
|  clk_IBUF_BUFG | SRAM[247][7]_i_1_n_0 |                    |                4 |              8 |
|  clk_IBUF_BUFG | SRAM[250][7]_i_1_n_0 |                    |                2 |              8 |
|  clk_IBUF_BUFG | SRAM[245][7]_i_1_n_0 |                    |                2 |              8 |
|  clk_IBUF_BUFG | SRAM[234][7]_i_1_n_0 |                    |                4 |              8 |
|  clk_IBUF_BUFG | SRAM[227][7]_i_1_n_0 |                    |                1 |              8 |
|  clk_IBUF_BUFG | SRAM[241][7]_i_1_n_0 |                    |                3 |              8 |
|  clk_IBUF_BUFG | SRAM[229][7]_i_1_n_0 |                    |                2 |              8 |
|  clk_IBUF_BUFG | SRAM[253][7]_i_1_n_0 |                    |                2 |              8 |
|  clk_IBUF_BUFG | SRAM[224][7]_i_1_n_0 |                    |                1 |              8 |
|  clk_IBUF_BUFG | SRAM[230][7]_i_1_n_0 |                    |                4 |              8 |
|  clk_IBUF_BUFG | SRAM[228][7]_i_1_n_0 |                    |                1 |              8 |
|  clk_IBUF_BUFG | SRAM[236][7]_i_1_n_0 |                    |                4 |              8 |
|  clk_IBUF_BUFG | SRAM[244][7]_i_1_n_0 |                    |                3 |              8 |
|  clk_IBUF_BUFG | SRAM[252][7]_i_1_n_0 |                    |                4 |              8 |
|  clk_IBUF_BUFG | SRAM[246][7]_i_1_n_0 |                    |                1 |              8 |
|  clk_IBUF_BUFG | SRAM[24][7]_i_1_n_0  |                    |                2 |              8 |
|  clk_IBUF_BUFG | SRAM[243][7]_i_1_n_0 |                    |                1 |              8 |
|  clk_IBUF_BUFG | SRAM[26][7]_i_1_n_0  |                    |                3 |              8 |
|  clk_IBUF_BUFG | SRAM[25][7]_i_1_n_0  |                    |                1 |              8 |
|  clk_IBUF_BUFG | SRAM[242][7]_i_1_n_0 |                    |                1 |              8 |
|  clk_IBUF_BUFG | SRAM[22][7]_i_1_n_0  |                    |                1 |              8 |
|  clk_IBUF_BUFG | SRAM[251][7]_i_1_n_0 |                    |                5 |              8 |
|  clk_IBUF_BUFG | SRAM[238][7]_i_1_n_0 |                    |                8 |              8 |
|  clk_IBUF_BUFG | SRAM[27][7]_i_1_n_0  |                    |                3 |              8 |
|  clk_IBUF_BUFG | SRAM[28][7]_i_1_n_0  |                    |                1 |              8 |
|  clk_IBUF_BUFG | SRAM[2][7]_i_1_n_0   |                    |                1 |              8 |
|  clk_IBUF_BUFG | SRAM[31][7]_i_1_n_0  |                    |                8 |              8 |
|  clk_IBUF_BUFG | SRAM[32][7]_i_1_n_0  |                    |                2 |              8 |
|  clk_IBUF_BUFG | SRAM[23][7]_i_1_n_0  |                    |                2 |              8 |
|  clk_IBUF_BUFG | SRAM[235][7]_i_1_n_0 |                    |                2 |              8 |
|  clk_IBUF_BUFG | SRAM[232][7]_i_1_n_0 |                    |                3 |              8 |
|  clk_IBUF_BUFG | SRAM[239][7]_i_1_n_0 |                    |                7 |              8 |
|  clk_IBUF_BUFG | SRAM[255][7]_i_1_n_0 |                    |                7 |              8 |
|  clk_IBUF_BUFG | SRAM[30][7]_i_1_n_0  |                    |                6 |              8 |
|  clk_IBUF_BUFG | SRAM[33][7]_i_1_n_0  |                    |                1 |              8 |
|  clk_IBUF_BUFG | SRAM[34][7]_i_1_n_0  |                    |                4 |              8 |
|  clk_IBUF_BUFG | SRAM[44][7]_i_1_n_0  |                    |                1 |              8 |
|  clk_IBUF_BUFG | SRAM[48][7]_i_1_n_0  |                    |                3 |              8 |
|  clk_IBUF_BUFG | SRAM[51][7]_i_1_n_0  |                    |                2 |              8 |
|  clk_IBUF_BUFG | SRAM[52][7]_i_1_n_0  |                    |                5 |              8 |
|  clk_IBUF_BUFG | SRAM[57][7]_i_1_n_0  |                    |                2 |              8 |
|  clk_IBUF_BUFG | SRAM[55][7]_i_1_n_0  |                    |                4 |              8 |
|  clk_IBUF_BUFG | SRAM[66][7]_i_1_n_0  |                    |                3 |              8 |
|  clk_IBUF_BUFG | SRAM[5][7]_i_1_n_0   |                    |                6 |              8 |
|  clk_IBUF_BUFG | SRAM[63][7]_i_1_n_0  |                    |                8 |              8 |
|  clk_IBUF_BUFG | SRAM[71][7]_i_1_n_0  |                    |                3 |              8 |
|  clk_IBUF_BUFG | SRAM[3][7]_i_1_n_0   |                    |                4 |              8 |
|  clk_IBUF_BUFG | SRAM[41][7]_i_1_n_0  |                    |                1 |              8 |
|  clk_IBUF_BUFG | SRAM[43][7]_i_1_n_0  |                    |                2 |              8 |
|  clk_IBUF_BUFG | SRAM[42][7]_i_1_n_0  |                    |                1 |              8 |
|  clk_IBUF_BUFG | SRAM[67][7]_i_1_n_0  |                    |                2 |              8 |
|  clk_IBUF_BUFG | SRAM[62][7]_i_1_n_0  |                    |                3 |              8 |
|  clk_IBUF_BUFG | SRAM[68][7]_i_1_n_0  |                    |                1 |              8 |
|  clk_IBUF_BUFG | SRAM[60][7]_i_1_n_0  |                    |                2 |              8 |
|  clk_IBUF_BUFG | SRAM[6][7]_i_1_n_0   |                    |                1 |              8 |
|  clk_IBUF_BUFG | SRAM[70][7]_i_1_n_0  |                    |                1 |              8 |
|  clk_IBUF_BUFG | SRAM[72][7]_i_1_n_0  |                    |                2 |              8 |
|  clk_IBUF_BUFG | SRAM[73][7]_i_1_n_0  |                    |                3 |              8 |
|  clk_IBUF_BUFG | SRAM[65][7]_i_1_n_0  |                    |                3 |              8 |
|  clk_IBUF_BUFG | SRAM[74][7]_i_1_n_0  |                    |                3 |              8 |
|  clk_IBUF_BUFG | SRAM[75][7]_i_1_n_0  |                    |                1 |              8 |
|  clk_IBUF_BUFG | SRAM[69][7]_i_1_n_0  |                    |                5 |              8 |
|  clk_IBUF_BUFG | SRAM[49][7]_i_1_n_0  |                    |                3 |              8 |
|  clk_IBUF_BUFG | SRAM[39][7]_i_1_n_0  |                    |                3 |              8 |
|  clk_IBUF_BUFG | SRAM[40][7]_i_1_n_0  |                    |                1 |              8 |
|  clk_IBUF_BUFG | SRAM[45][7]_i_1_n_0  |                    |                2 |              8 |
|  clk_IBUF_BUFG | SRAM[50][7]_i_1_n_0  |                    |                4 |              8 |
|  clk_IBUF_BUFG | SRAM[46][7]_i_1_n_0  |                    |                6 |              8 |
|  clk_IBUF_BUFG | SRAM[53][7]_i_1_n_0  |                    |                1 |              8 |
|  clk_IBUF_BUFG | SRAM[4][7]_i_1_n_0   |                    |                4 |              8 |
|  clk_IBUF_BUFG | SRAM[54][7]_i_1_n_0  |                    |                3 |              8 |
|  clk_IBUF_BUFG | SRAM[56][7]_i_1_n_0  |                    |                4 |              8 |
|  clk_IBUF_BUFG | SRAM[58][7]_i_1_n_0  |                    |                2 |              8 |
|  clk_IBUF_BUFG | SRAM[59][7]_i_1_n_0  |                    |                1 |              8 |
|  clk_IBUF_BUFG | SRAM[47][7]_i_1_n_0  |                    |                8 |              8 |
|  clk_IBUF_BUFG | SRAM[61][7]_i_1_n_0  |                    |                4 |              8 |
|  clk_IBUF_BUFG | SRAM[64][7]_i_1_n_0  |                    |                2 |              8 |
|  clk_IBUF_BUFG | SRAM[86][7]_i_1_n_0  |                    |                4 |              8 |
|  clk_IBUF_BUFG | SRAM[76][7]_i_1_n_0  |                    |                1 |              8 |
|  clk_IBUF_BUFG | SRAM[8][7]_i_1_n_0   |                    |                5 |              8 |
|  clk_IBUF_BUFG | SRAM[96][7]_i_1_n_0  |                    |                5 |              8 |
|  clk_IBUF_BUFG | SRAM[98][7]_i_1_n_0  |                    |                4 |              8 |
|  clk_IBUF_BUFG | SRAM[84][7]_i_1_n_0  |                    |                5 |              8 |
|  clk_IBUF_BUFG | SRAM[91][7]_i_1_n_0  |                    |                3 |              8 |
|  clk_IBUF_BUFG | SRAM[82][7]_i_1_n_0  |                    |                4 |              8 |
|  clk_IBUF_BUFG | SRAM[88][7]_i_1_n_0  |                    |                4 |              8 |
|  clk_IBUF_BUFG | SRAM[85][7]_i_1_n_0  |                    |                3 |              8 |
|  clk_IBUF_BUFG | SRAM[78][7]_i_1_n_0  |                    |                1 |              8 |
|  clk_IBUF_BUFG | SRAM[79][7]_i_1_n_0  |                    |                8 |              8 |
|  clk_IBUF_BUFG | SRAM[80][7]_i_1_n_0  |                    |                1 |              8 |
|  clk_IBUF_BUFG | SRAM[89][7]_i_1_n_0  |                    |                3 |              8 |
|  clk_IBUF_BUFG | SRAM[95][7]_i_1_n_0  |                    |                7 |              8 |
|  clk_IBUF_BUFG | SRAM[7][7]_i_1_n_0   |                    |                2 |              8 |
|  clk_IBUF_BUFG | SRAM[90][7]_i_1_n_0  |                    |                5 |              8 |
|  clk_IBUF_BUFG | SRAM[92][7]_i_1_n_0  |                    |                2 |              8 |
|  clk_IBUF_BUFG | SRAM[9][7]_i_1_n_0   |                    |                7 |              8 |
|  clk_IBUF_BUFG | SRAM[94][7]_i_1_n_0  |                    |                4 |              8 |
|  clk_IBUF_BUFG | SRAM[97][7]_i_1_n_0  |                    |                2 |              8 |
|  clk_IBUF_BUFG | SRAM[99][7]_i_1_n_0  |                    |                6 |              8 |
|  clk_IBUF_BUFG | SRAM[77][7]_i_1_n_0  |                    |                2 |              8 |
|  clk_IBUF_BUFG | SRAM[83][7]_i_1_n_0  |                    |                2 |              8 |
|  clk_IBUF_BUFG | SRAM[93][7]_i_1_n_0  |                    |                1 |              8 |
|  clk_IBUF_BUFG | SRAM[87][7]_i_1_n_0  |                    |                3 |              8 |
|  clk_IBUF_BUFG | SRAM[81][7]_i_1_n_0  |                    |                2 |              8 |
+----------------+----------------------+--------------------+------------------+----------------+


